mpu9250.c:53:13:getMRes	4	static
mpu9250.c:83:13:getGRes	4	static
mpu9250.c:117:13:getARes	4	static
mpu9250.c:153:7:MPU9250IsConnected	8	static
mpu9250.c:189:13:I2CWrite	32	static
mpu9250.c:224:13:I2CRead	32	static
mpu9250.c:260:13:WriteMPURegister	16	static
mpu9250.c:286:13:ReadMPURegister	16	static
mpu9250.c:311:13:WriteAK8963Register	16	static
mpu9250.c:338:13:ReadAK8963Register	16	static
mpu9250.c:363:6:MPU9250Init	24	static
mpu9250.c:422:6:ResetMPU9250	8	static
mpu9250.c:446:6:AK8963Init	16	static
