stm32f1xx_it.c:73:6:NMI_Handler	4	static
stm32f1xx_it.c:88:6:HardFault_Handler	4	static
stm32f1xx_it.c:103:6:MemManage_Handler	4	static
stm32f1xx_it.c:118:6:BusFault_Handler	4	static
stm32f1xx_it.c:133:6:UsageFault_Handler	4	static
stm32f1xx_it.c:148:6:SVC_Handler	4	static
stm32f1xx_it.c:161:6:DebugMon_Handler	4	static
stm32f1xx_it.c:174:6:PendSV_Handler	4	static
stm32f1xx_it.c:187:6:SysTick_Handler	16	static
stm32f1xx_it.c:584:6:EXTI1_IRQHandler	8	static
stm32f1xx_it.c:598:6:EXTI2_IRQHandler	8	static
stm32f1xx_it.c:612:6:EXTI4_IRQHandler	8	static
stm32f1xx_it.c:626:6:EXTI9_5_IRQHandler	8	static
stm32f1xx_it.c:640:6:EXTI15_10_IRQHandler	8	static
