Archive member included to satisfy reference by file (symbol)

c:/st/stm32cubeide_1.2.0/stm32cubeide/plugins/com.st.stm32cube.ide.mcu.externaltools.gnu-tools-for-stm32.7-2018-q2-update.win32_1.0.0.201904181610/tools/bin/../lib/gcc/arm-none-eabi/7.3.1/../../../../arm-none-eabi/lib/thumb/v7-m\libc_nano.a(lib_a-errno.o)
                              Core/Src/syscalls.o (__errno)
c:/st/stm32cubeide_1.2.0/stm32cubeide/plugins/com.st.stm32cube.ide.mcu.externaltools.gnu-tools-for-stm32.7-2018-q2-update.win32_1.0.0.201904181610/tools/bin/../lib/gcc/arm-none-eabi/7.3.1/../../../../arm-none-eabi/lib/thumb/v7-m\libc_nano.a(lib_a-exit.o)
                              c:/st/stm32cubeide_1.2.0/stm32cubeide/plugins/com.st.stm32cube.ide.mcu.externaltools.gnu-tools-for-stm32.7-2018-q2-update.win32_1.0.0.201904181610/tools/bin/../lib/gcc/arm-none-eabi/7.3.1/../../../../arm-none-eabi/lib/thumb/v7-m/crt0.o (exit)
c:/st/stm32cubeide_1.2.0/stm32cubeide/plugins/com.st.stm32cube.ide.mcu.externaltools.gnu-tools-for-stm32.7-2018-q2-update.win32_1.0.0.201904181610/tools/bin/../lib/gcc/arm-none-eabi/7.3.1/../../../../arm-none-eabi/lib/thumb/v7-m\libc_nano.a(lib_a-impure.o)
                              c:/st/stm32cubeide_1.2.0/stm32cubeide/plugins/com.st.stm32cube.ide.mcu.externaltools.gnu-tools-for-stm32.7-2018-q2-update.win32_1.0.0.201904181610/tools/bin/../lib/gcc/arm-none-eabi/7.3.1/../../../../arm-none-eabi/lib/thumb/v7-m\libc_nano.a(lib_a-exit.o) (_global_impure_ptr)
c:/st/stm32cubeide_1.2.0/stm32cubeide/plugins/com.st.stm32cube.ide.mcu.externaltools.gnu-tools-for-stm32.7-2018-q2-update.win32_1.0.0.201904181610/tools/bin/../lib/gcc/arm-none-eabi/7.3.1/../../../../arm-none-eabi/lib/thumb/v7-m\libc_nano.a(lib_a-init.o)
                              c:/st/stm32cubeide_1.2.0/stm32cubeide/plugins/com.st.stm32cube.ide.mcu.externaltools.gnu-tools-for-stm32.7-2018-q2-update.win32_1.0.0.201904181610/tools/bin/../lib/gcc/arm-none-eabi/7.3.1/../../../../arm-none-eabi/lib/thumb/v7-m/crt0.o (__libc_init_array)
c:/st/stm32cubeide_1.2.0/stm32cubeide/plugins/com.st.stm32cube.ide.mcu.externaltools.gnu-tools-for-stm32.7-2018-q2-update.win32_1.0.0.201904181610/tools/bin/../lib/gcc/arm-none-eabi/7.3.1/../../../../arm-none-eabi/lib/thumb/v7-m\libc_nano.a(lib_a-memcpy-stub.o)
                              Core/Src/steppermotorcontrol.o (memcpy)
c:/st/stm32cubeide_1.2.0/stm32cubeide/plugins/com.st.stm32cube.ide.mcu.externaltools.gnu-tools-for-stm32.7-2018-q2-update.win32_1.0.0.201904181610/tools/bin/../lib/gcc/arm-none-eabi/7.3.1/../../../../arm-none-eabi/lib/thumb/v7-m\libc_nano.a(lib_a-memset.o)
                              c:/st/stm32cubeide_1.2.0/stm32cubeide/plugins/com.st.stm32cube.ide.mcu.externaltools.gnu-tools-for-stm32.7-2018-q2-update.win32_1.0.0.201904181610/tools/bin/../lib/gcc/arm-none-eabi/7.3.1/../../../../arm-none-eabi/lib/thumb/v7-m/crt0.o (memset)
c:/st/stm32cubeide_1.2.0/stm32cubeide/plugins/com.st.stm32cube.ide.mcu.externaltools.gnu-tools-for-stm32.7-2018-q2-update.win32_1.0.0.201904181610/tools/bin/../lib/gcc/arm-none-eabi/7.3.1/../../../../arm-none-eabi/lib/thumb/v7-m\libm.a(lib_a-s_atan.o)
                              Core/Src/kinematics.o (atan)
c:/st/stm32cubeide_1.2.0/stm32cubeide/plugins/com.st.stm32cube.ide.mcu.externaltools.gnu-tools-for-stm32.7-2018-q2-update.win32_1.0.0.201904181610/tools/bin/../lib/gcc/arm-none-eabi/7.3.1/../../../../arm-none-eabi/lib/thumb/v7-m\libm.a(lib_a-s_cos.o)
                              Core/Src/kinematics.o (cos)
c:/st/stm32cubeide_1.2.0/stm32cubeide/plugins/com.st.stm32cube.ide.mcu.externaltools.gnu-tools-for-stm32.7-2018-q2-update.win32_1.0.0.201904181610/tools/bin/../lib/gcc/arm-none-eabi/7.3.1/../../../../arm-none-eabi/lib/thumb/v7-m\libm.a(lib_a-s_fabs.o)
                              c:/st/stm32cubeide_1.2.0/stm32cubeide/plugins/com.st.stm32cube.ide.mcu.externaltools.gnu-tools-for-stm32.7-2018-q2-update.win32_1.0.0.201904181610/tools/bin/../lib/gcc/arm-none-eabi/7.3.1/../../../../arm-none-eabi/lib/thumb/v7-m\libm.a(lib_a-s_atan.o) (fabs)
c:/st/stm32cubeide_1.2.0/stm32cubeide/plugins/com.st.stm32cube.ide.mcu.externaltools.gnu-tools-for-stm32.7-2018-q2-update.win32_1.0.0.201904181610/tools/bin/../lib/gcc/arm-none-eabi/7.3.1/../../../../arm-none-eabi/lib/thumb/v7-m\libm.a(lib_a-s_sin.o)
                              Core/Src/kinematics.o (sin)
c:/st/stm32cubeide_1.2.0/stm32cubeide/plugins/com.st.stm32cube.ide.mcu.externaltools.gnu-tools-for-stm32.7-2018-q2-update.win32_1.0.0.201904181610/tools/bin/../lib/gcc/arm-none-eabi/7.3.1/../../../../arm-none-eabi/lib/thumb/v7-m\libm.a(lib_a-w_asin.o)
                              Core/Src/kinematics.o (asin)
c:/st/stm32cubeide_1.2.0/stm32cubeide/plugins/com.st.stm32cube.ide.mcu.externaltools.gnu-tools-for-stm32.7-2018-q2-update.win32_1.0.0.201904181610/tools/bin/../lib/gcc/arm-none-eabi/7.3.1/../../../../arm-none-eabi/lib/thumb/v7-m\libm.a(lib_a-w_sqrt.o)
                              Core/Src/kinematics.o (sqrt)
[...]
Memory Configuration

Name             Origin             Length             Attributes
RAM              0x0000000020000000 0x0000000000005000 xrw
FLASH            0x0000000008000000 0x0000000000010000 xr
*default*        0x0000000000000000 0xffffffffffffffff

Linker script and memory map

LOAD c:/st/stm32cubeide_1.2.0/stm32cubeide/plugins/com.st.stm32cube.ide.mcu.externaltools.gnu-tools-for-stm32.7-2018-q2-update.win32_1.0.0.201904181610/tools/bin/../lib/gcc/arm-none-eabi/7.3.1/thumb/v7-m/crti.o
LOAD c:/st/stm32cubeide_1.2.0/stm32cubeide/plugins/com.st.stm32cube.ide.mcu.externaltools.gnu-tools-for-stm32.7-2018-q2-update.win32_1.0.0.201904181610/tools/bin/../lib/gcc/arm-none-eabi/7.3.1/thumb/v7-m/crtbegin.o
LOAD c:/st/stm32cubeide_1.2.0/stm32cubeide/plugins/com.st.stm32cube.ide.mcu.externaltools.gnu-tools-for-stm32.7-2018-q2-update.win32_1.0.0.201904181610/tools/bin/../lib/gcc/arm-none-eabi/7.3.1/../../../../arm-none-eabi/lib/thumb/v7-m/crt0.o
LOAD Core/Src/adc.o
LOAD Core/Src/dma.o
LOAD Core/Src/gpio.o
LOAD Core/Src/i2c.o
LOAD Core/Src/kinematics.o
LOAD Core/Src/main.o
LOAD Core/Src/matrixoperations.o
LOAD Core/Src/mpu9250.o
LOAD Core/Src/steppermotorcontrol.o
LOAD Core/Src/stm32f1xx_hal_msp.o
LOAD Core/Src/stm32f1xx_it.o
LOAD Core/Src/syscalls.o
LOAD Core/Src/sysmem.o
LOAD Core/Src/system_stm32f1xx.o
LOAD Core/Src/tim.o
LOAD Core/Src/usart.o
LOAD Core/Startup/startup_stm32f103c8tx.o
LOAD Drivers/STM32F1xx_HAL_Driver/Src/stm32f1xx_hal.o
LOAD Drivers/STM32F1xx_HAL_Driver/Src/stm32f1xx_hal_adc.o
LOAD Drivers/STM32F1xx_HAL_Driver/Src/stm32f1xx_hal_adc_ex.o
LOAD Drivers/STM32F1xx_HAL_Driver/Src/stm32f1xx_hal_cortex.o
LOAD Drivers/STM32F1xx_HAL_Driver/Src/stm32f1xx_hal_dma.o
LOAD Drivers/STM32F1xx_HAL_Driver/Src/stm32f1xx_hal_exti.o
LOAD Drivers/STM32F1xx_HAL_Driver/Src/stm32f1xx_hal_flash.o
LOAD Drivers/STM32F1xx_HAL_Driver/Src/stm32f1xx_hal_flash_ex.o
LOAD Drivers/STM32F1xx_HAL_Driver/Src/stm32f1xx_hal_gpio.o
LOAD Drivers/STM32F1xx_HAL_Driver/Src/stm32f1xx_hal_gpio_ex.o
LOAD Drivers/STM32F1xx_HAL_Driver/Src/stm32f1xx_hal_i2c.o
LOAD Drivers/STM32F1xx_HAL_Driver/Src/stm32f1xx_hal_pwr.o
LOAD Drivers/STM32F1xx_HAL_Driver/Src/stm32f1xx_hal_rcc.o
LOAD Drivers/STM32F1xx_HAL_Driver/Src/stm32f1xx_hal_rcc_ex.o
LOAD Drivers/STM32F1xx_HAL_Driver/Src/stm32f1xx_hal_tim.o
LOAD Drivers/STM32F1xx_HAL_Driver/Src/stm32f1xx_hal_tim_ex.o
LOAD Drivers/STM32F1xx_HAL_Driver/Src/stm32f1xx_hal_uart.o
START GROUP
LOAD c:/st/stm32cubeide_1.2.0/stm32cubeide/plugins/com.st.stm32cube.ide.mcu.externaltools.gnu-tools-for-stm32.7-2018-q2-update.win32_1.0.0.201904181610/tools/bin/../lib/gcc/arm-none-eabi/7.3.1/../../../../arm-none-eabi/lib/thumb/v7-m\libc_nano.a
LOAD c:/st/stm32cubeide_1.2.0/stm32cubeide/plugins/com.st.stm32cube.ide.mcu.externaltools.gnu-tools-for-stm32.7-2018-q2-update.win32_1.0.0.201904181610/tools/bin/../lib/gcc/arm-none-eabi/7.3.1/../../../../arm-none-eabi/lib/thumb/v7-m\libm.a
END GROUP
START GROUP
LOAD c:/st/stm32cubeide_1.2.0/stm32cubeide/plugins/com.st.stm32cube.ide.mcu.externaltools.gnu-tools-for-stm32.7-2018-q2-update.win32_1.0.0.201904181610/tools/bin/../lib/gcc/arm-none-eabi/7.3.1/thumb/v7-m\libgcc.a
LOAD c:/st/stm32cubeide_1.2.0/stm32cubeide/plugins/com.st.stm32cube.ide.mcu.externaltools.gnu-tools-for-stm32.7-2018-q2-update.win32_1.0.0.201904181610/tools/bin/../lib/gcc/arm-none-eabi/7.3.1/../../../../arm-none-eabi/lib/thumb/v7-m\libc_nano.a
END GROUP
START GROUP
LOAD c:/st/stm32cubeide_1.2.0/stm32cubeide/plugins/com.st.stm32cube.ide.mcu.externaltools.gnu-tools-for-stm32.7-2018-q2-update.win32_1.0.0.201904181610/tools/bin/../lib/gcc/arm-none-eabi/7.3.1/thumb/v7-m\libgcc.a
LOAD c:/st/stm32cubeide_1.2.0/stm32cubeide/plugins/com.st.stm32cube.ide.mcu.externaltools.gnu-tools-for-stm32.7-2018-q2-update.win32_1.0.0.201904181610/tools/bin/../lib/gcc/arm-none-eabi/7.3.1/../../../../arm-none-eabi/lib/thumb/v7-m\libc_nano.a
LOAD c:/st/stm32cubeide_1.2.0/stm32cubeide/plugins/com.st.stm32cube.ide.mcu.externaltools.gnu-tools-for-stm32.7-2018-q2-update.win32_1.0.0.201904181610/tools/bin/../lib/gcc/arm-none-eabi/7.3.1/../../../../arm-none-eabi/lib/thumb/v7-m\libnosys.a
END GROUP
START GROUP
LOAD c:/st/stm32cubeide_1.2.0/stm32cubeide/plugins/com.st.stm32cube.ide.mcu.externaltools.gnu-tools-for-stm32.7-2018-q2-update.win32_1.0.0.201904181610/tools/bin/../lib/gcc/arm-none-eabi/7.3.1/thumb/v7-m\libgcc.a
LOAD c:/st/stm32cubeide_1.2.0/stm32cubeide/plugins/com.st.stm32cube.ide.mcu.externaltools.gnu-tools-for-stm32.7-2018-q2-update.win32_1.0.0.201904181610/tools/bin/../lib/gcc/arm-none-eabi/7.3.1/../../../../arm-none-eabi/lib/thumb/v7-m\libc_nano.a
LOAD c:/st/stm32cubeide_1.2.0/stm32cubeide/plugins/com.st.stm32cube.ide.mcu.externaltools.gnu-tools-for-stm32.7-2018-q2-update.win32_1.0.0.201904181610/tools/bin/../lib/gcc/arm-none-eabi/7.3.1/../../../../arm-none-eabi/lib/thumb/v7-m\libnosys.a
END GROUP
LOAD c:/st/stm32cubeide_1.2.0/stm32cubeide/plugins/com.st.stm32cube.ide.mcu.externaltools.gnu-tools-for-stm32.7-2018-q2-update.win32_1.0.0.201904181610/tools/bin/../lib/gcc/arm-none-eabi/7.3.1/thumb/v7-m/crtend.o
LOAD c:/st/stm32cubeide_1.2.0/stm32cubeide/plugins/com.st.stm32cube.ide.mcu.externaltools.gnu-tools-for-stm32.7-2018-q2-update.win32_1.0.0.201904181610/tools/bin/../lib/gcc/arm-none-eabi/7.3.1/thumb/v7-m/crtn.o
                0x0000000020005000                _estack = (ORIGIN (RAM) + LENGTH (RAM))
                0x0000000000000200                _Min_Heap_Size = 0x200
                0x0000000000000400                _Min_Stack_Size = 0x400

.isr_vector     0x0000000008000000      0x10c
                0x0000000008000000                . = ALIGN (0x4)
 *(.isr_vector)
 .isr_vector    0x0000000008000000      0x10c Core/Startup/startup_stm32f103c8tx.o
                0x0000000008000000                g_pfnVectors
                0x000000000800010c                . = ALIGN (0x4)

.text           0x000000000800010c     0x56e8
                0x000000000800010c                . = ALIGN (0x4)
 *(.text)
 .text          0x000000000800010c       0x40 c:/st/stm32cubeide_1.2.0/stm32cubeide/plugins/com.st.stm32cube.ide.mcu.externaltools.gnu-tools-for-stm32.7-2018-q2-update.win32_1.0.0.201904181610/tools/bin/../lib/gcc/arm-none-eabi/7.3.1/thumb/v7-m/crtbegin.o
 .text          0x000000000800014c      0x21c c:/st/stm32cubeide_1.2.0/stm32cubeide/plugins/com.st.stm32cube.ide.mcu.externaltools.gnu-tools-for-stm32.7-2018-q2-update.win32_1.0.0.201904181610/tools/bin/../lib/gcc/arm-none-eabi/7.3.1/thumb/v7-m\libgcc.a(_arm_addsubsf3.o)
                0x000000000800014c                __aeabi_frsub
                0x0000000008000154                __subsf3
                0x0000000008000154                __aeabi_fsub
                0x0000000008000158                __aeabi_fadd
                0x0000000008000158                __addsf3
                0x00000000080002b8                __aeabi_ui2f
                0x00000000080002b8                __floatunsisf
                0x00000000080002c0                __aeabi_i2f
                0x00000000080002c0                __floatsisf
                0x00000000080002dc                __aeabi_ul2f
                0x00000000080002dc                __floatundisf
                0x00000000080002ec                __aeabi_l2f
                0x00000000080002ec                __floatdisf
 .text          0x0000000008000368      0x2a0 c:/st/stm32cubeide_1.2.0/stm32cubeide/plugins/com.st.stm32cube.ide.mcu.externaltools.gnu-tools-for-stm32.7-2018-q2-update.win32_1.0.0.201904181610/tools/bin/../lib/gcc/arm-none-eabi/7.3.1/thumb/v7-m\libgcc.a(_arm_muldivsf3.o)
                0x0000000008000368                __mulsf3
                0x0000000008000368                __aeabi_fmul
                0x00000000080004d0                __aeabi_fdiv
                0x00000000080004d0                __divsf3
 .text          0x0000000008000608       0xec c:/st/stm32cubeide_1.2.0/stm32cubeide/plugins/com.st.stm32cube.ide.mcu.externaltools.gnu-tools-for-stm32.7-2018-q2-update.win32_1.0.0.201904181610/tools/bin/../lib/gcc/arm-none-eabi/7.3.1/thumb/v7-m\libgcc.a(_arm_cmpsf2.o)
                0x0000000008000608                __gesf2
                0x0000000008000608                __gtsf2
                0x0000000008000610                __lesf2
                0x0000000008000610                __ltsf2
                0x0000000008000618                __nesf2
                0x0000000008000618                __eqsf2
                0x0000000008000618                __cmpsf2
                0x0000000008000678                __aeabi_cfrcmple
                0x0000000008000680                __aeabi_cfcmpeq
                0x0000000008000680                __aeabi_cfcmple
                0x0000000008000690                __aeabi_fcmpeq
                0x00000000080006a4                __aeabi_fcmplt
                0x00000000080006b8                __aeabi_fcmple
                0x00000000080006cc                __aeabi_fcmpge
                0x00000000080006e0                __aeabi_fcmpgt
 .text          0x00000000080006f4       0x4c c:/st/stm32cubeide_1.2.0/stm32cubeide/plugins/com.st.stm32cube.ide.mcu.externaltools.gnu-tools-for-stm32.7-2018-q2-update.win32_1.0.0.201904181610/tools/bin/../lib/gcc/arm-none-eabi/7.3.1/thumb/v7-m\libgcc.a(_arm_fixsfsi.o)
                0x00000000080006f4                __aeabi_f2iz
                0x00000000080006f4                __fixsfsi
 .text          0x0000000008000740       0x40 c:/st/stm32cubeide_1.2.0/stm32cubeide/plugins/com.st.stm32cube.ide.mcu.externaltools.gnu-tools-for-stm32.7-2018-q2-update.win32_1.0.0.201904181610/tools/bin/../lib/gcc/arm-none-eabi/7.3.1/thumb/v7-m\libgcc.a(_arm_fixunssfsi.o)
                0x0000000008000740                __fixunssfsi
                0x0000000008000740                __aeabi_f2uiz
 *(.text*)
 .text.MX_ADC1_Init
                0x0000000008000780       0x7c Core/Src/adc.o
                0x0000000008000780                MX_ADC1_Init
 .text.HAL_ADC_MspInit
                0x00000000080007fc       0x78 Core/Src/adc.o
                0x00000000080007fc                HAL_ADC_MspInit
 .text.MX_GPIO_Init
                0x0000000008000874      0x190 Core/Src/gpio.o
                0x0000000008000874                MX_GPIO_Init
 .text.MX_I2C1_Init
                0x0000000008000a04       0x5c Core/Src/i2c.o
                0x0000000008000a04                MX_I2C1_Init
 .text.HAL_I2C_MspInit
                0x0000000008000a60       0xa0 Core/Src/i2c.o
                0x0000000008000a60                HAL_I2C_MspInit
 .text.main     0x0000000008000b00       0xf8 Core/Src/main.o
                0x0000000008000b00                main
 .text.SystemClock_Config
                0x0000000008000bf8       0xb6 Core/Src/main.o
                0x0000000008000bf8                SystemClock_Config
 .text.HAL_GPIO_EXTI_Callback
                0x0000000008000cae       0x68 Core/Src/main.o
                0x0000000008000cae                HAL_GPIO_EXTI_Callback
 .text.Error_Handler
                0x0000000008000d16        0x8 Core/Src/main.o
                0x0000000008000d16                Error_Handler
 *fill*         0x0000000008000d1e        0x2 
 .text.MPU9250IsConnected
                0x0000000008000d20       0x24 Core/Src/mpu9250.o
                0x0000000008000d20                MPU9250IsConnected
 .text.I2CWrite
                0x0000000008000d44       0x50 Core/Src/mpu9250.o
 .text.I2CRead  0x0000000008000d94       0x6c Core/Src/mpu9250.o
 .text.WriteMPURegister
                0x0000000008000e00       0x2a Core/Src/mpu9250.o
 .text.ReadMPURegister
                0x0000000008000e2a       0x26 Core/Src/mpu9250.o
 .text.WriteAK8963Register
                0x0000000008000e50       0x2a Core/Src/mpu9250.o
 .text.ReadAK8963Register
                0x0000000008000e7a       0x26 Core/Src/mpu9250.o
 .text.MPU9250Init
                0x0000000008000ea0      0x108 Core/Src/mpu9250.o
                0x0000000008000ea0                MPU9250Init
 .text.AK8963Init
                0x0000000008000fa8       0xf0 Core/Src/mpu9250.o
                0x0000000008000fa8                AK8963Init
 .text.LimitSwitchStateDetect
                0x0000000008001098       0x40 Core/Src/steppermotorcontrol.o
                0x0000000008001098                LimitSwitchStateDetect
 .text.MotorRotateAbsolute
                0x00000000080010d8      0x2f0 Core/Src/steppermotorcontrol.o
 .text.MotorActuate
                0x00000000080013c8       0x28 Core/Src/steppermotorcontrol.o
                0x00000000080013c8                MotorActuate
 .text.MotorActuateTest
                0x00000000080013f0       0xbc Core/Src/steppermotorcontrol.o
                0x00000000080013f0                MotorActuateTest
 .text.HAL_MspInit
                0x00000000080014ac       0x64 Core/Src/stm32f1xx_hal_msp.o
                0x00000000080014ac                HAL_MspInit
 .text.NMI_Handler
                0x0000000008001510        0x6 Core/Src/stm32f1xx_it.o
                0x0000000008001510                NMI_Handler
 .text.HardFault_Handler
                0x0000000008001516        0x6 Core/Src/stm32f1xx_it.o
                0x0000000008001516                HardFault_Handler
 .text.MemManage_Handler
                0x000000000800151c        0x6 Core/Src/stm32f1xx_it.o
                0x000000000800151c                MemManage_Handler
 .text.BusFault_Handler
                0x0000000008001522        0x6 Core/Src/stm32f1xx_it.o
                0x0000000008001522                BusFault_Handler
 .text.UsageFault_Handler
                0x0000000008001528        0x6 Core/Src/stm32f1xx_it.o
                0x0000000008001528                UsageFault_Handler
 .text.SVC_Handler
                0x000000000800152e        0xc Core/Src/stm32f1xx_it.o
                0x000000000800152e                SVC_Handler
 .text.DebugMon_Handler
                0x000000000800153a        0xc Core/Src/stm32f1xx_it.o
                0x000000000800153a                DebugMon_Handler
 .text.PendSV_Handler
                0x0000000008001546        0xc Core/Src/stm32f1xx_it.o
                0x0000000008001546                PendSV_Handler
 *fill*         0x0000000008001552        0x2 
 .text.SysTick_Handler
                0x0000000008001554      0x360 Core/Src/stm32f1xx_it.o
                0x0000000008001554                SysTick_Handler
 .text.EXTI1_IRQHandler
                0x00000000080018b4        0xe Core/Src/stm32f1xx_it.o
                0x00000000080018b4                EXTI1_IRQHandler
 .text.EXTI2_IRQHandler
                0x00000000080018c2        0xe Core/Src/stm32f1xx_it.o
                0x00000000080018c2                EXTI2_IRQHandler
 .text.EXTI4_IRQHandler
                0x00000000080018d0        0xe Core/Src/stm32f1xx_it.o
                0x00000000080018d0                EXTI4_IRQHandler
 .text.EXTI9_5_IRQHandler
                0x00000000080018de        0xe Core/Src/stm32f1xx_it.o
                0x00000000080018de                EXTI9_5_IRQHandler
 .text.EXTI15_10_IRQHandler
                0x00000000080018ec       0x18 Core/Src/stm32f1xx_it.o
                0x00000000080018ec                EXTI15_10_IRQHandler
 .text.SystemInit
                0x0000000008001904        0xc Core/Src/system_stm32f1xx.o
                0x0000000008001904                SystemInit
 .text.MX_TIM1_Init
                0x0000000008001910      0x170 Core/Src/tim.o
                0x0000000008001910                MX_TIM1_Init
 .text.MX_TIM3_Init
                0x0000000008001a80      0x118 Core/Src/tim.o
                0x0000000008001a80                MX_TIM3_Init
 .text.HAL_TIM_Base_MspInit
                0x0000000008001b98       0x64 Core/Src/tim.o
                0x0000000008001b98                HAL_TIM_Base_MspInit
 .text.HAL_TIM_MspPostInit
                0x0000000008001bfc       0xdc Core/Src/tim.o
                0x0000000008001bfc                HAL_TIM_MspPostInit
 .text.MX_USART1_UART_Init
                0x0000000008001cd8       0x54 Core/Src/usart.o
                0x0000000008001cd8                MX_USART1_UART_Init
 .text.HAL_UART_MspInit
                0x0000000008001d2c       0xb4 Core/Src/usart.o
                0x0000000008001d2c                HAL_UART_MspInit
 .text.Reset_Handler
                0x0000000008001de0       0x48 Core/Startup/startup_stm32f103c8tx.o
                0x0000000008001de0                Reset_Handler
 .text.Default_Handler
                0x0000000008001e28        0x2 Core/Startup/startup_stm32f103c8tx.o
                0x0000000008001e28                RTC_Alarm_IRQHandler
                0x0000000008001e28                TIM1_CC_IRQHandler
                0x0000000008001e28                PVD_IRQHandler
                0x0000000008001e28                EXTI3_IRQHandler
                0x0000000008001e28                EXTI0_IRQHandler
                0x0000000008001e28                I2C2_EV_IRQHandler
                0x0000000008001e28                ADC1_2_IRQHandler
                0x0000000008001e28                SPI1_IRQHandler
                0x0000000008001e28                TAMPER_IRQHandler
                0x0000000008001e28                DMA1_Channel4_IRQHandler
                0x0000000008001e28                USART3_IRQHandler
                0x0000000008001e28                RTC_IRQHandler
                0x0000000008001e28                DMA1_Channel7_IRQHandler
                0x0000000008001e28                CAN1_RX1_IRQHandler
                0x0000000008001e28                TIM4_IRQHandler
                0x0000000008001e28                I2C1_EV_IRQHandler
                0x0000000008001e28                DMA1_Channel6_IRQHandler
                0x0000000008001e28                TIM3_IRQHandler
                0x0000000008001e28                RCC_IRQHandler
                0x0000000008001e28                TIM1_TRG_COM_IRQHandler
                0x0000000008001e28                DMA1_Channel1_IRQHandler
                0x0000000008001e28                Default_Handler
                0x0000000008001e28                SPI2_IRQHandler
                0x0000000008001e28                DMA1_Channel5_IRQHandler
                0x0000000008001e28                USB_LP_CAN1_RX0_IRQHandler
                0x0000000008001e28                USB_HP_CAN1_TX_IRQHandler
                0x0000000008001e28                DMA1_Channel3_IRQHandler
                0x0000000008001e28                TIM1_UP_IRQHandler
                0x0000000008001e28                WWDG_IRQHandler
                0x0000000008001e28                TIM2_IRQHandler
                0x0000000008001e28                TIM1_BRK_IRQHandler
                0x0000000008001e28                USART2_IRQHandler
                0x0000000008001e28                I2C2_ER_IRQHandler
                0x0000000008001e28                DMA1_Channel2_IRQHandler
                0x0000000008001e28                CAN1_SCE_IRQHandler
                0x0000000008001e28                FLASH_IRQHandler
                0x0000000008001e28                USART1_IRQHandler
                0x0000000008001e28                I2C1_ER_IRQHandler
                0x0000000008001e28                USBWakeUp_IRQHandler
 *fill*         0x0000000008001e2a        0x2 
 .text.HAL_Init
                0x0000000008001e2c       0x2c Drivers/STM32F1xx_HAL_Driver/Src/stm32f1xx_hal.o
                0x0000000008001e2c                HAL_Init
 .text.HAL_InitTick
                0x0000000008001e58       0x60 Drivers/STM32F1xx_HAL_Driver/Src/stm32f1xx_hal.o
                0x0000000008001e58                HAL_InitTick
 .text.HAL_IncTick
                0x0000000008001eb8       0x24 Drivers/STM32F1xx_HAL_Driver/Src/stm32f1xx_hal.o
                0x0000000008001eb8                HAL_IncTick
 .text.HAL_GetTick
                0x0000000008001edc       0x14 Drivers/STM32F1xx_HAL_Driver/Src/stm32f1xx_hal.o
                0x0000000008001edc                HAL_GetTick
 .text.HAL_Delay
                0x0000000008001ef0       0x44 Drivers/STM32F1xx_HAL_Driver/Src/stm32f1xx_hal.o
                0x0000000008001ef0                HAL_Delay
 .text.HAL_ADC_Init
                0x0000000008001f34      0x1b0 Drivers/STM32F1xx_HAL_Driver/Src/stm32f1xx_hal_adc.o
                0x0000000008001f34                HAL_ADC_Init
 .text.HAL_ADC_ConfigChannel
                0x00000000080020e4      0x1f0 Drivers/STM32F1xx_HAL_Driver/Src/stm32f1xx_hal_adc.o
                0x00000000080020e4                HAL_ADC_ConfigChannel
 .text.ADC_ConversionStop_Disable
                0x00000000080022d4       0x74 Drivers/STM32F1xx_HAL_Driver/Src/stm32f1xx_hal_adc.o
                0x00000000080022d4                ADC_ConversionStop_Disable
 .text.__NVIC_SetPriorityGrouping
                0x0000000008002348       0x48 Drivers/STM32F1xx_HAL_Driver/Src/stm32f1xx_hal_cortex.o
 .text.__NVIC_GetPriorityGrouping
                0x0000000008002390       0x1c Drivers/STM32F1xx_HAL_Driver/Src/stm32f1xx_hal_cortex.o
 .text.__NVIC_EnableIRQ
                0x00000000080023ac       0x38 Drivers/STM32F1xx_HAL_Driver/Src/stm32f1xx_hal_cortex.o
 .text.__NVIC_SetPriority
                0x00000000080023e4       0x54 Drivers/STM32F1xx_HAL_Driver/Src/stm32f1xx_hal_cortex.o
 .text.NVIC_EncodePriority
                0x0000000008002438       0x64 Drivers/STM32F1xx_HAL_Driver/Src/stm32f1xx_hal_cortex.o
 .text.SysTick_Config
                0x000000000800249c       0x44 Drivers/STM32F1xx_HAL_Driver/Src/stm32f1xx_hal_cortex.o
 .text.HAL_NVIC_SetPriorityGrouping
                0x00000000080024e0       0x16 Drivers/STM32F1xx_HAL_Driver/Src/stm32f1xx_hal_cortex.o
                0x00000000080024e0                HAL_NVIC_SetPriorityGrouping
 .text.HAL_NVIC_SetPriority
                0x00000000080024f6       0x38 Drivers/STM32F1xx_HAL_Driver/Src/stm32f1xx_hal_cortex.o
                0x00000000080024f6                HAL_NVIC_SetPriority
 .text.HAL_NVIC_EnableIRQ
                0x000000000800252e       0x1c Drivers/STM32F1xx_HAL_Driver/Src/stm32f1xx_hal_cortex.o
                0x000000000800252e                HAL_NVIC_EnableIRQ
 .text.HAL_SYSTICK_Config
                0x000000000800254a       0x18 Drivers/STM32F1xx_HAL_Driver/Src/stm32f1xx_hal_cortex.o
                0x000000000800254a                HAL_SYSTICK_Config
 *fill*         0x0000000008002562        0x2 
 .text.HAL_GPIO_Init
                0x0000000008002564      0x2b4 Drivers/STM32F1xx_HAL_Driver/Src/stm32f1xx_hal_gpio.o
                0x0000000008002564                HAL_GPIO_Init
 .text.HAL_GPIO_WritePin
                0x0000000008002818       0x30 Drivers/STM32F1xx_HAL_Driver/Src/stm32f1xx_hal_gpio.o
                0x0000000008002818                HAL_GPIO_WritePin
 .text.HAL_GPIO_EXTI_IRQHandler
                0x0000000008002848       0x30 Drivers/STM32F1xx_HAL_Driver/Src/stm32f1xx_hal_gpio.o
                0x0000000008002848                HAL_GPIO_EXTI_IRQHandler
 .text.HAL_I2C_Init
                0x0000000008002878      0x270 Drivers/STM32F1xx_HAL_Driver/Src/stm32f1xx_hal_i2c.o
                0x0000000008002878                HAL_I2C_Init
 .text.HAL_I2C_Master_Transmit
                0x0000000008002ae8      0x1fc Drivers/STM32F1xx_HAL_Driver/Src/stm32f1xx_hal_i2c.o
                0x0000000008002ae8                HAL_I2C_Master_Transmit
 .text.HAL_I2C_Master_Receive
                0x0000000008002ce4      0x4b4 Drivers/STM32F1xx_HAL_Driver/Src/stm32f1xx_hal_i2c.o
                0x0000000008002ce4                HAL_I2C_Master_Receive
 .text.HAL_I2C_Mem_Write
                0x0000000008003198      0x1f4 Drivers/STM32F1xx_HAL_Driver/Src/stm32f1xx_hal_i2c.o
                0x0000000008003198                HAL_I2C_Mem_Write
 .text.HAL_I2C_IsDeviceReady
                0x000000000800338c      0x25c Drivers/STM32F1xx_HAL_Driver/Src/stm32f1xx_hal_i2c.o
                0x000000000800338c                HAL_I2C_IsDeviceReady
 .text.I2C_MasterRequestWrite
                0x00000000080035e8      0x104 Drivers/STM32F1xx_HAL_Driver/Src/stm32f1xx_hal_i2c.o
 .text.I2C_MasterRequestRead
                0x00000000080036ec      0x19c Drivers/STM32F1xx_HAL_Driver/Src/stm32f1xx_hal_i2c.o
 .text.I2C_RequestMemoryWrite
                0x0000000008003888      0x12c Drivers/STM32F1xx_HAL_Driver/Src/stm32f1xx_hal_i2c.o
 .text.I2C_WaitOnFlagUntilTimeout
                0x00000000080039b4       0xae Drivers/STM32F1xx_HAL_Driver/Src/stm32f1xx_hal_i2c.o
 .text.I2C_WaitOnMasterAddressFlagUntilTimeout
                0x0000000008003a62       0xfe Drivers/STM32F1xx_HAL_Driver/Src/stm32f1xx_hal_i2c.o
 .text.I2C_WaitOnTXEFlagUntilTimeout
                0x0000000008003b60       0x82 Drivers/STM32F1xx_HAL_Driver/Src/stm32f1xx_hal_i2c.o
 .text.I2C_WaitOnBTFFlagUntilTimeout
                0x0000000008003be2       0x82 Drivers/STM32F1xx_HAL_Driver/Src/stm32f1xx_hal_i2c.o
 .text.I2C_WaitOnRXNEFlagUntilTimeout
                0x0000000008003c64       0xac Drivers/STM32F1xx_HAL_Driver/Src/stm32f1xx_hal_i2c.o
 .text.I2C_IsAcknowledgeFailed
                0x0000000008003d10       0x5c Drivers/STM32F1xx_HAL_Driver/Src/stm32f1xx_hal_i2c.o
 .text.HAL_RCC_OscConfig
                0x0000000008003d6c      0x500 Drivers/STM32F1xx_HAL_Driver/Src/stm32f1xx_hal_rcc.o
                0x0000000008003d6c                HAL_RCC_OscConfig
 .text.HAL_RCC_ClockConfig
                0x000000000800426c      0x1d4 Drivers/STM32F1xx_HAL_Driver/Src/stm32f1xx_hal_rcc.o
                0x000000000800426c                HAL_RCC_ClockConfig
 .text.HAL_RCC_GetSysClockFreq
                0x0000000008004440       0xc4 Drivers/STM32F1xx_HAL_Driver/Src/stm32f1xx_hal_rcc.o
                0x0000000008004440                HAL_RCC_GetSysClockFreq
 .text.HAL_RCC_GetHCLKFreq
                0x0000000008004504       0x14 Drivers/STM32F1xx_HAL_Driver/Src/stm32f1xx_hal_rcc.o
                0x0000000008004504                HAL_RCC_GetHCLKFreq
 .text.HAL_RCC_GetPCLK1Freq
                0x0000000008004518       0x28 Drivers/STM32F1xx_HAL_Driver/Src/stm32f1xx_hal_rcc.o
                0x0000000008004518                HAL_RCC_GetPCLK1Freq
 .text.HAL_RCC_GetPCLK2Freq
                0x0000000008004540       0x28 Drivers/STM32F1xx_HAL_Driver/Src/stm32f1xx_hal_rcc.o
                0x0000000008004540                HAL_RCC_GetPCLK2Freq
 .text.RCC_Delay
                0x0000000008004568       0x3c Drivers/STM32F1xx_HAL_Driver/Src/stm32f1xx_hal_rcc.o
 .text.HAL_RCCEx_PeriphCLKConfig
                0x00000000080045a4      0x16c Drivers/STM32F1xx_HAL_Driver/Src/stm32f1xx_hal_rcc_ex.o
                0x00000000080045a4                HAL_RCCEx_PeriphCLKConfig
 .text.HAL_TIM_Base_Init
                0x0000000008004710       0x9e Drivers/STM32F1xx_HAL_Driver/Src/stm32f1xx_hal_tim.o
                0x0000000008004710                HAL_TIM_Base_Init
 .text.HAL_TIM_PWM_Init
                0x00000000080047ae       0x9e Drivers/STM32F1xx_HAL_Driver/Src/stm32f1xx_hal_tim.o
                0x00000000080047ae                HAL_TIM_PWM_Init
 .text.HAL_TIM_PWM_MspInit
                0x000000000800484c       0x12 Drivers/STM32F1xx_HAL_Driver/Src/stm32f1xx_hal_tim.o
                0x000000000800484c                HAL_TIM_PWM_MspInit
 *fill*         0x000000000800485e        0x2 
 .text.HAL_TIM_PWM_Start
                0x0000000008004860      0x144 Drivers/STM32F1xx_HAL_Driver/Src/stm32f1xx_hal_tim.o
                0x0000000008004860                HAL_TIM_PWM_Start
 .text.HAL_TIM_PWM_Stop
                0x00000000080049a4       0xc8 Drivers/STM32F1xx_HAL_Driver/Src/stm32f1xx_hal_tim.o
                0x00000000080049a4                HAL_TIM_PWM_Stop
 .text.HAL_TIM_PWM_ConfigChannel
                0x0000000008004a6c      0x17c Drivers/STM32F1xx_HAL_Driver/Src/stm32f1xx_hal_tim.o
                0x0000000008004a6c                HAL_TIM_PWM_ConfigChannel
 .text.HAL_TIM_ConfigClockSource
                0x0000000008004be8      0x16e Drivers/STM32F1xx_HAL_Driver/Src/stm32f1xx_hal_tim.o
                0x0000000008004be8                HAL_TIM_ConfigClockSource
 *fill*         0x0000000008004d56        0x2 
 .text.TIM_Base_SetConfig
                0x0000000008004d58       0xc4 Drivers/STM32F1xx_HAL_Driver/Src/stm32f1xx_hal_tim.o
                0x0000000008004d58                TIM_Base_SetConfig
 .text.TIM_OC1_SetConfig
                0x0000000008004e1c       0xcc Drivers/STM32F1xx_HAL_Driver/Src/stm32f1xx_hal_tim.o
 .text.TIM_OC2_SetConfig
                0x0000000008004ee8       0xd4 Drivers/STM32F1xx_HAL_Driver/Src/stm32f1xx_hal_tim.o
                0x0000000008004ee8                TIM_OC2_SetConfig
 .text.TIM_OC3_SetConfig
                0x0000000008004fbc       0xd4 Drivers/STM32F1xx_HAL_Driver/Src/stm32f1xx_hal_tim.o
 .text.TIM_OC4_SetConfig
                0x0000000008005090       0x9c Drivers/STM32F1xx_HAL_Driver/Src/stm32f1xx_hal_tim.o
 .text.TIM_TI1_ConfigInputStage
                0x000000000800512c       0x5c Drivers/STM32F1xx_HAL_Driver/Src/stm32f1xx_hal_tim.o
 .text.TIM_TI2_ConfigInputStage
                0x0000000008005188       0x5e Drivers/STM32F1xx_HAL_Driver/Src/stm32f1xx_hal_tim.o
 .text.TIM_ITRx_SetConfig
                0x00000000080051e6       0x34 Drivers/STM32F1xx_HAL_Driver/Src/stm32f1xx_hal_tim.o
 .text.TIM_ETR_SetConfig
                0x000000000800521a       0x3e Drivers/STM32F1xx_HAL_Driver/Src/stm32f1xx_hal_tim.o
                0x000000000800521a                TIM_ETR_SetConfig
 .text.TIM_CCxChannelCmd
                0x0000000008005258       0x48 Drivers/STM32F1xx_HAL_Driver/Src/stm32f1xx_hal_tim.o
                0x0000000008005258                TIM_CCxChannelCmd
 .text.HAL_TIMEx_MasterConfigSynchronization
                0x00000000080052a0       0xbc Drivers/STM32F1xx_HAL_Driver/Src/stm32f1xx_hal_tim_ex.o
                0x00000000080052a0                HAL_TIMEx_MasterConfigSynchronization
 .text.HAL_TIMEx_ConfigBreakDeadTime
                0x000000000800535c       0xa2 Drivers/STM32F1xx_HAL_Driver/Src/stm32f1xx_hal_tim_ex.o
                0x000000000800535c                HAL_TIMEx_ConfigBreakDeadTime
 .text.HAL_UART_Init
                0x00000000080053fe       0x9a Drivers/STM32F1xx_HAL_Driver/Src/stm32f1xx_hal_uart.o
                0x00000000080053fe                HAL_UART_Init
 .text.HAL_UART_Transmit
                0x0000000008005498      0x124 Drivers/STM32F1xx_HAL_Driver/Src/stm32f1xx_hal_uart.o
                0x0000000008005498                HAL_UART_Transmit
 .text.UART_WaitOnFlagUntilTimeout
                0x00000000080055bc       0x94 Drivers/STM32F1xx_HAL_Driver/Src/stm32f1xx_hal_uart.o
 .text.UART_SetConfig
                0x0000000008005650      0x11c Drivers/STM32F1xx_HAL_Driver/Src/stm32f1xx_hal_uart.o
 .text.__libc_init_array
                0x000000000800576c       0x48 c:/st/stm32cubeide_1.2.0/stm32cubeide/plugins/com.st.stm32cube.ide.mcu.externaltools.gnu-tools-for-stm32.7-2018-q2-update.win32_1.0.0.201904181610/tools/bin/../lib/gcc/arm-none-eabi/7.3.1/../../../../arm-none-eabi/lib/thumb/v7-m\libc_nano.a(lib_a-init.o)
                0x000000000800576c                __libc_init_array
 .text.memcpy   0x00000000080057b4       0x16 c:/st/stm32cubeide_1.2.0/stm32cubeide/plugins/com.st.stm32cube.ide.mcu.externaltools.gnu-tools-for-stm32.7-2018-q2-update.win32_1.0.0.201904181610/tools/bin/../lib/gcc/arm-none-eabi/7.3.1/../../../../arm-none-eabi/lib/thumb/v7-m\libc_nano.a(lib_a-memcpy-stub.o)
                0x00000000080057b4                memcpy
 .text.memset   0x00000000080057ca       0x10 c:/st/stm32cubeide_1.2.0/stm32cubeide/plugins/com.st.stm32cube.ide.mcu.externaltools.gnu-tools-for-stm32.7-2018-q2-update.win32_1.0.0.201904181610/tools/bin/../lib/gcc/arm-none-eabi/7.3.1/../../../../arm-none-eabi/lib/thumb/v7-m\libc_nano.a(lib_a-memset.o)
                0x00000000080057ca                memset
 *(.glue_7)
 .glue_7        0x00000000080057da        0x0 linker stubs
 *(.glue_7t)
 .glue_7t       0x00000000080057da        0x0 linker stubs
 *(.eh_frame)
 *fill*         0x00000000080057da        0x2 
 .eh_frame      0x00000000080057dc        0x0 c:/st/stm32cubeide_1.2.0/stm32cubeide/plugins/com.st.stm32cube.ide.mcu.externaltools.gnu-tools-for-stm32.7-2018-q2-update.win32_1.0.0.201904181610/tools/bin/../lib/gcc/arm-none-eabi/7.3.1/thumb/v7-m/crtbegin.o
 *(.init)
 .init          0x00000000080057dc        0x4 c:/st/stm32cubeide_1.2.0/stm32cubeide/plugins/com.st.stm32cube.ide.mcu.externaltools.gnu-tools-for-stm32.7-2018-q2-update.win32_1.0.0.201904181610/tools/bin/../lib/gcc/arm-none-eabi/7.3.1/thumb/v7-m/crti.o
                0x00000000080057dc                _init
 .init          0x00000000080057e0        0x8 c:/st/stm32cubeide_1.2.0/stm32cubeide/plugins/com.st.stm32cube.ide.mcu.externaltools.gnu-tools-for-stm32.7-2018-q2-update.win32_1.0.0.201904181610/tools/bin/../lib/gcc/arm-none-eabi/7.3.1/thumb/v7-m/crtn.o
 *(.fini)
 .fini          0x00000000080057e8        0x4 c:/st/stm32cubeide_1.2.0/stm32cubeide/plugins/com.st.stm32cube.ide.mcu.externaltools.gnu-tools-for-stm32.7-2018-q2-update.win32_1.0.0.201904181610/tools/bin/../lib/gcc/arm-none-eabi/7.3.1/thumb/v7-m/crti.o
                0x00000000080057e8                _fini
 .fini          0x00000000080057ec        0x8 c:/st/stm32cubeide_1.2.0/stm32cubeide/plugins/com.st.stm32cube.ide.mcu.externaltools.gnu-tools-for-stm32.7-2018-q2-update.win32_1.0.0.201904181610/tools/bin/../lib/gcc/arm-none-eabi/7.3.1/thumb/v7-m/crtn.o
                0x00000000080057f4                . = ALIGN (0x4)
                0x00000000080057f4                _etext = .

.vfp11_veneer   0x00000000080057f4        0x0
 .vfp11_veneer  0x00000000080057f4        0x0 linker stubs

.v4_bx          0x00000000080057f4        0x0
 .v4_bx         0x00000000080057f4        0x0 linker stubs

.iplt           0x00000000080057f4        0x0
 .iplt          0x00000000080057f4        0x0 c:/st/stm32cubeide_1.2.0/stm32cubeide/plugins/com.st.stm32cube.ide.mcu.externaltools.gnu-tools-for-stm32.7-2018-q2-update.win32_1.0.0.201904181610/tools/bin/../lib/gcc/arm-none-eabi/7.3.1/thumb/v7-m/crtbegin.o

.rodata         0x00000000080057f4      0x110
                0x00000000080057f4                . = ALIGN (0x4)
 *(.rodata)
 .rodata        0x00000000080057f4       0x3c Core/Src/main.o
 .rodata        0x0000000008005830       0xa8 Core/Src/steppermotorcontrol.o
 .rodata        0x00000000080058d8       0x12 Drivers/STM32F1xx_HAL_Driver/Src/stm32f1xx_hal_rcc.o
 *(.rodata*)
 *fill*         0x00000000080058ea        0x2 
 .rodata.AHBPrescTable
                0x00000000080058ec       0x10 Core/Src/system_stm32f1xx.o
                0x00000000080058ec                AHBPrescTable
 .rodata.APBPrescTable
                0x00000000080058fc        0x8 Core/Src/system_stm32f1xx.o
                0x00000000080058fc                APBPrescTable
                0x0000000008005904                . = ALIGN (0x4)

.rel.dyn        0x0000000008005904        0x0
 .rel.iplt      0x0000000008005904        0x0 c:/st/stm32cubeide_1.2.0/stm32cubeide/plugins/com.st.stm32cube.ide.mcu.externaltools.gnu-tools-for-stm32.7-2018-q2-update.win32_1.0.0.201904181610/tools/bin/../lib/gcc/arm-none-eabi/7.3.1/thumb/v7-m/crtbegin.o

.ARM.extab      0x0000000008005904        0x0
                0x0000000008005904                . = ALIGN (0x4)
 *(.ARM.extab* .gnu.linkonce.armextab.*)
                0x0000000008005904                . = ALIGN (0x4)

.ARM            0x0000000008005904        0x0
                0x0000000008005904                . = ALIGN (0x4)
                0x0000000008005904                __exidx_start = .
 *(.ARM.exidx*)
                0x0000000008005904                __exidx_end = .
                0x0000000008005904                . = ALIGN (0x4)

.preinit_array  0x0000000008005904        0x0
                0x0000000008005904                . = ALIGN (0x4)
                0x0000000008005904                PROVIDE (__preinit_array_start = .)
 *(.preinit_array*)
                0x0000000008005904                PROVIDE (__preinit_array_end = .)
                0x0000000008005904                . = ALIGN (0x4)

.init_array     0x0000000008005904        0x4
                0x0000000008005904                . = ALIGN (0x4)
                0x0000000008005904                PROVIDE (__init_array_start = .)
 *(SORT_BY_NAME(.init_array.*))
 *(.init_array*)
 .init_array    0x0000000008005904        0x4 c:/st/stm32cubeide_1.2.0/stm32cubeide/plugins/com.st.stm32cube.ide.mcu.externaltools.gnu-tools-for-stm32.7-2018-q2-update.win32_1.0.0.201904181610/tools/bin/../lib/gcc/arm-none-eabi/7.3.1/thumb/v7-m/crtbegin.o
                0x0000000008005908                PROVIDE (__init_array_end = .)
                0x0000000008005908                . = ALIGN (0x4)

.fini_array     0x0000000008005908        0x4
                0x0000000008005908                . = ALIGN (0x4)
                [!provide]                        PROVIDE (__fini_array_start = .)
 *(SORT_BY_NAME(.fini_array.*))
 *(.fini_array*)
 .fini_array    0x0000000008005908        0x4 c:/st/stm32cubeide_1.2.0/stm32cubeide/plugins/com.st.stm32cube.ide.mcu.externaltools.gnu-tools-for-stm32.7-2018-q2-update.win32_1.0.0.201904181610/tools/bin/../lib/gcc/arm-none-eabi/7.3.1/thumb/v7-m/crtbegin.o
                [!provide]                        PROVIDE (__fini_array_end = .)
                0x000000000800590c                . = ALIGN (0x4)
                0x000000000800590c                _sidata = LOADADDR (.data)

.data           0x0000000020000000       0x18 load address 0x000000000800590c
                0x0000000020000000                . = ALIGN (0x4)
                0x0000000020000000                _sdata = .
 *(.data)
 *(.data*)
 .data.MMode    0x0000000020000000        0x1 Core/Src/mpu9250.o
                0x0000000020000000                MMode
 .data.MScale   0x0000000020000001        0x1 Core/Src/mpu9250.o
                0x0000000020000001                MScale
 *fill*         0x0000000020000002        0x2 
 .data.MotorState
                0x0000000020000004        0x6 Core/Src/steppermotorcontrol.o
                0x0000000020000004                MotorState
 *fill*         0x000000002000000a        0x2 
 .data.SystemCoreClock
                0x000000002000000c        0x4 Core/Src/system_stm32f1xx.o
                0x000000002000000c                SystemCoreClock
 .data.uwTickPrio
                0x0000000020000010        0x4 Drivers/STM32F1xx_HAL_Driver/Src/stm32f1xx_hal.o
                0x0000000020000010                uwTickPrio
 .data.uwTickFreq
                0x0000000020000014        0x1 Drivers/STM32F1xx_HAL_Driver/Src/stm32f1xx_hal.o
                0x0000000020000014                uwTickFreq
 *(.RamFunc)
 *(.RamFunc*)
                0x0000000020000018                . = ALIGN (0x4)
 *fill*         0x0000000020000015        0x3 
                0x0000000020000018                _edata = .

.igot.plt       0x0000000020000018        0x0 load address 0x0000000008005924
 .igot.plt      0x0000000020000018        0x0 c:/st/stm32cubeide_1.2.0/stm32cubeide/plugins/com.st.stm32cube.ide.mcu.externaltools.gnu-tools-for-stm32.7-2018-q2-update.win32_1.0.0.201904181610/tools/bin/../lib/gcc/arm-none-eabi/7.3.1/thumb/v7-m/crtbegin.o
                0x0000000020000018                . = ALIGN (0x4)

.bss            0x0000000020000018      0x228 load address 0x0000000008005924
                0x0000000020000018                _sbss = .
                0x0000000020000018                __bss_start__ = _sbss
 *(.bss)
 .bss           0x0000000020000018       0x1c c:/st/stm32cubeide_1.2.0/stm32cubeide/plugins/com.st.stm32cube.ide.mcu.externaltools.gnu-tools-for-stm32.7-2018-q2-update.win32_1.0.0.201904181610/tools/bin/../lib/gcc/arm-none-eabi/7.3.1/thumb/v7-m/crtbegin.o
 *(.bss*)
 .bss.MagBiasFactory
                0x0000000020000034        0xc Core/Src/mpu9250.o
                0x0000000020000034                MagBiasFactory
 .bss.AScale    0x0000000020000040        0x1 Core/Src/mpu9250.o
                0x0000000020000040                AScale
 .bss.GScale    0x0000000020000041        0x1 Core/Src/mpu9250.o
                0x0000000020000041                GScale
 *fill*         0x0000000020000042        0x2 
 .bss.MotorTargetAngle
                0x0000000020000044       0x18 Core/Src/steppermotorcontrol.o
                0x0000000020000044                MotorTargetAngle
 .bss.MotorTargetAnglePrevious
                0x000000002000005c       0x18 Core/Src/steppermotorcontrol.o
                0x000000002000005c                MotorTargetAnglePrevious
 .bss.MotorTagetAngleSet
                0x0000000020000074        0x6 Core/Src/steppermotorcontrol.o
                0x0000000020000074                MotorTagetAngleSet
 *fill*         0x000000002000007a        0x2 
 .bss.MotorCurrentAngle
                0x000000002000007c       0x18 Core/Src/steppermotorcontrol.o
                0x000000002000007c                MotorCurrentAngle
 .bss.MotorTargetStepCount
                0x0000000020000094       0x18 Core/Src/steppermotorcontrol.o
                0x0000000020000094                MotorTargetStepCount
 .bss.MotorCurrentStepCount
                0x00000000200000ac       0x18 Core/Src/steppermotorcontrol.o
                0x00000000200000ac                MotorCurrentStepCount
 .bss.MotorDirection
                0x00000000200000c4        0x6 Core/Src/steppermotorcontrol.o
                0x00000000200000c4                MotorDirection
 *fill*         0x00000000200000ca        0x2 
 .bss.MotorHighStateSetFlag
                0x00000000200000cc        0x6 Core/Src/steppermotorcontrol.o
                0x00000000200000cc                MotorHighStateSetFlag
 *fill*         0x00000000200000d2        0x2 
 .bss.LimitSwitchState
                0x00000000200000d4        0x6 Core/Src/steppermotorcontrol.o
                0x00000000200000d4                LimitSwitchState
 .bss.test      0x00000000200000da        0x1 Core/Src/steppermotorcontrol.o
                0x00000000200000da                test
 *fill*         0x00000000200000db        0x1 
 .bss.TestCounter
                0x00000000200000dc        0x4 Core/Src/steppermotorcontrol.o
                0x00000000200000dc                TestCounter
 .bss.TestSetIndex
                0x00000000200000e0        0x4 Core/Src/steppermotorcontrol.o
                0x00000000200000e0                TestSetIndex
 *(COMMON)
 COMMON         0x00000000200000e4       0x30 Core/Src/adc.o
                0x00000000200000e4                hadc1
 COMMON         0x0000000020000114       0x54 Core/Src/i2c.o
                0x0000000020000114                hi2c1
 COMMON         0x0000000020000168        0x1 Core/Src/main.o
                0x0000000020000168                MPUReturnStatus
 *fill*         0x0000000020000169        0x3 
 COMMON         0x000000002000016c       0x90 Core/Src/tim.o
                0x000000002000016c                htim3
                0x00000000200001b4                htim1
 COMMON         0x00000000200001fc       0x40 Core/Src/usart.o
                0x00000000200001fc                huart1
 COMMON         0x000000002000023c        0x4 Drivers/STM32F1xx_HAL_Driver/Src/stm32f1xx_hal.o
                0x000000002000023c                uwTick
                0x0000000020000240                . = ALIGN (0x4)
                0x0000000020000240                _ebss = .
                0x0000000020000240                __bss_end__ = _ebss

._user_heap_stack
                0x0000000020000240      0x600 load address 0x0000000008005924
                0x0000000020000240                . = ALIGN (0x8)
                [!provide]                        PROVIDE (end = .)
                0x0000000020000240                PROVIDE (_end = .)
                0x0000000020000440                . = (. + _Min_Heap_Size)
 *fill*         0x0000000020000240      0x200 
                0x0000000020000840                . = (. + _Min_Stack_Size)
 *fill*         0x0000000020000440      0x400 
                0x0000000020000840                . = ALIGN (0x8)

/DISCARD/
 libc.a(*)
 libm.a(*)
 libgcc.a(*)

.ARM.attributes
                0x0000000000000000       0x29
 *(.ARM.attributes)
 .ARM.attributes
                0x0000000000000000       0x1d c:/st/stm32cubeide_1.2.0/stm32cubeide/plugins/com.st.stm32cube.ide.mcu.externaltools.gnu-tools-for-stm32.7-2018-q2-update.win32_1.0.0.201904181610/tools/bin/../lib/gcc/arm-none-eabi/7.3.1/thumb/v7-m/crti.o
 .ARM.attributes
                0x000000000000001d       0x2d c:/st/stm32cubeide_1.2.0/stm32cubeide/plugins/com.st.stm32cube.ide.mcu.externaltools.gnu-tools-for-stm32.7-2018-q2-update.win32_1.0.0.201904181610/tools/bin/../lib/gcc/arm-none-eabi/7.3.1/thumb/v7-m/crtbegin.o
 .ARM.attributes
                0x000000000000004a       0x33 Core/Src/adc.o
 .ARM.attributes
                0x000000000000007d       0x33 Core/Src/gpio.o
 .ARM.attributes
                0x00000000000000b0       0x33 Core/Src/i2c.o
 .ARM.attributes
                0x00000000000000e3       0x33 Core/Src/main.o
 .ARM.attributes
                0x0000000000000116       0x33 Core/Src/mpu9250.o
 .ARM.attributes
                0x0000000000000149       0x33 Core/Src/steppermotorcontrol.o
 .ARM.attributes
                0x000000000000017c       0x33 Core/Src/stm32f1xx_hal_msp.o
 .ARM.attributes
                0x00000000000001af       0x33 Core/Src/stm32f1xx_it.o
 .ARM.attributes
                0x00000000000001e2       0x33 Core/Src/system_stm32f1xx.o
 .ARM.attributes
                0x0000000000000215       0x33 Core/Src/tim.o
 .ARM.attributes
                0x0000000000000248       0x33 Core/Src/usart.o
 .ARM.attributes
                0x000000000000027b       0x21 Core/Startup/startup_stm32f103c8tx.o
 .ARM.attributes
                0x000000000000029c       0x33 Drivers/STM32F1xx_HAL_Driver/Src/stm32f1xx_hal.o
 .ARM.attributes
                0x00000000000002cf       0x33 Drivers/STM32F1xx_HAL_Driver/Src/stm32f1xx_hal_adc.o
 .ARM.attributes
                0x0000000000000302       0x33 Drivers/STM32F1xx_HAL_Driver/Src/stm32f1xx_hal_cortex.o
 .ARM.attributes
                0x0000000000000335       0x33 Drivers/STM32F1xx_HAL_Driver/Src/stm32f1xx_hal_gpio.o
 .ARM.attributes
                0x0000000000000368       0x33 Drivers/STM32F1xx_HAL_Driver/Src/stm32f1xx_hal_i2c.o
 .ARM.attributes
                0x000000000000039b       0x33 Drivers/STM32F1xx_HAL_Driver/Src/stm32f1xx_hal_rcc.o
 .ARM.attributes
                0x00000000000003ce       0x33 Drivers/STM32F1xx_HAL_Driver/Src/stm32f1xx_hal_rcc_ex.o
 .ARM.attributes
                0x0000000000000401       0x33 Drivers/STM32F1xx_HAL_Driver/Src/stm32f1xx_hal_tim.o
 .ARM.attributes
                0x0000000000000434       0x33 Drivers/STM32F1xx_HAL_Driver/Src/stm32f1xx_hal_tim_ex.o
 .ARM.attributes
                0x0000000000000467       0x33 Drivers/STM32F1xx_HAL_Driver/Src/stm32f1xx_hal_uart.o
 .ARM.attributes
                0x000000000000049a       0x2d c:/st/stm32cubeide_1.2.0/stm32cubeide/plugins/com.st.stm32cube.ide.mcu.externaltools.gnu-tools-for-stm32.7-2018-q2-update.win32_1.0.0.201904181610/tools/bin/../lib/gcc/arm-none-eabi/7.3.1/../../../../arm-none-eabi/lib/thumb/v7-m\libc_nano.a(lib_a-init.o)
 .ARM.attributes
                0x00000000000004c7       0x2d c:/st/stm32cubeide_1.2.0/stm32cubeide/plugins/com.st.stm32cube.ide.mcu.externaltools.gnu-tools-for-stm32.7-2018-q2-update.win32_1.0.0.201904181610/tools/bin/../lib/gcc/arm-none-eabi/7.3.1/../../../../arm-none-eabi/lib/thumb/v7-m\libc_nano.a(lib_a-memcpy-stub.o)
 .ARM.attributes
                0x00000000000004f4       0x2d c:/st/stm32cubeide_1.2.0/stm32cubeide/plugins/com.st.stm32cube.ide.mcu.externaltools.gnu-tools-for-stm32.7-2018-q2-update.win32_1.0.0.201904181610/tools/bin/../lib/gcc/arm-none-eabi/7.3.1/../../../../arm-none-eabi/lib/thumb/v7-m\libc_nano.a(lib_a-memset.o)
 .ARM.attributes
                0x0000000000000521       0x1d c:/st/stm32cubeide_1.2.0/stm32cubeide/plugins/com.st.stm32cube.ide.mcu.externaltools.gnu-tools-for-stm32.7-2018-q2-update.win32_1.0.0.201904181610/tools/bin/../lib/gcc/arm-none-eabi/7.3.1/thumb/v7-m\libgcc.a(_arm_addsubsf3.o)
 .ARM.attributes
                0x000000000000053e       0x1d c:/st/stm32cubeide_1.2.0/stm32cubeide/plugins/com.st.stm32cube.ide.mcu.externaltools.gnu-tools-for-stm32.7-2018-q2-update.win32_1.0.0.201904181610/tools/bin/../lib/gcc/arm-none-eabi/7.3.1/thumb/v7-m\libgcc.a(_arm_muldivsf3.o)
 .ARM.attributes
                0x000000000000055b       0x1d c:/st/stm32cubeide_1.2.0/stm32cubeide/plugins/com.st.stm32cube.ide.mcu.externaltools.gnu-tools-for-stm32.7-2018-q2-update.win32_1.0.0.201904181610/tools/bin/../lib/gcc/arm-none-eabi/7.3.1/thumb/v7-m\libgcc.a(_arm_cmpsf2.o)
 .ARM.attributes
                0x0000000000000578       0x1d c:/st/stm32cubeide_1.2.0/stm32cubeide/plugins/com.st.stm32cube.ide.mcu.externaltools.gnu-tools-for-stm32.7-2018-q2-update.win32_1.0.0.201904181610/tools/bin/../lib/gcc/arm-none-eabi/7.3.1/thumb/v7-m\libgcc.a(_arm_fixsfsi.o)
 .ARM.attributes
                0x0000000000000595       0x1d c:/st/stm32cubeide_1.2.0/stm32cubeide/plugins/com.st.stm32cube.ide.mcu.externaltools.gnu-tools-for-stm32.7-2018-q2-update.win32_1.0.0.201904181610/tools/bin/../lib/gcc/arm-none-eabi/7.3.1/thumb/v7-m\libgcc.a(_arm_fixunssfsi.o)
 .ARM.attributes
                0x00000000000005b2       0x1d c:/st/stm32cubeide_1.2.0/stm32cubeide/plugins/com.st.stm32cube.ide.mcu.externaltools.gnu-tools-for-stm32.7-2018-q2-update.win32_1.0.0.201904181610/tools/bin/../lib/gcc/arm-none-eabi/7.3.1/thumb/v7-m/crtn.o
OUTPUT(Circle_Software_V1.elf elf32-littlearm)

.debug_info     0x0000000000000000    0x10ba1
 .debug_info    0x0000000000000000      0x7f9 Core/Src/adc.o
 .debug_info    0x00000000000007f9      0x4bf Core/Src/gpio.o
 .debug_info    0x0000000000000cb8      0x8ca Core/Src/i2c.o
 .debug_info    0x0000000000001582     0x1924 Core/Src/main.o
 .debug_info    0x0000000000002ea6     0x12a9 Core/Src/mpu9250.o
 .debug_info    0x000000000000414f      0x3e9 Core/Src/steppermotorcontrol.o
 .debug_info    0x0000000000004538      0x2d6 Core/Src/stm32f1xx_hal_msp.o
 .debug_info    0x000000000000480e      0x8e4 Core/Src/stm32f1xx_it.o
 .debug_info    0x00000000000050f2      0x29a Core/Src/system_stm32f1xx.o
 .debug_info    0x000000000000538c      0xb2b Core/Src/tim.o
 .debug_info    0x0000000000005eb7      0x83b Core/Src/usart.o
 .debug_info    0x00000000000066f2       0x22 Core/Startup/startup_stm32f103c8tx.o
 .debug_info    0x0000000000006714      0x714 Drivers/STM32F1xx_HAL_Driver/Src/stm32f1xx_hal.o
 .debug_info    0x0000000000006e28      0xc6c Drivers/STM32F1xx_HAL_Driver/Src/stm32f1xx_hal_adc.o
 .debug_info    0x0000000000007a94      0xb51 Drivers/STM32F1xx_HAL_Driver/Src/stm32f1xx_hal_cortex.o
 .debug_info    0x00000000000085e5      0x69b Drivers/STM32F1xx_HAL_Driver/Src/stm32f1xx_hal_gpio.o
 .debug_info    0x0000000000008c80     0x2555 Drivers/STM32F1xx_HAL_Driver/Src/stm32f1xx_hal_i2c.o
 .debug_info    0x000000000000b1d5      0x80f Drivers/STM32F1xx_HAL_Driver/Src/stm32f1xx_hal_rcc.o
 .debug_info    0x000000000000b9e4      0x444 Drivers/STM32F1xx_HAL_Driver/Src/stm32f1xx_hal_rcc_ex.o
 .debug_info    0x000000000000be28     0x27ef Drivers/STM32F1xx_HAL_Driver/Src/stm32f1xx_hal_tim.o
 .debug_info    0x000000000000e617     0x136f Drivers/STM32F1xx_HAL_Driver/Src/stm32f1xx_hal_tim_ex.o
 .debug_info    0x000000000000f986     0x121b Drivers/STM32F1xx_HAL_Driver/Src/stm32f1xx_hal_uart.o

.debug_abbrev   0x0000000000000000     0x26e5
 .debug_abbrev  0x0000000000000000      0x199 Core/Src/adc.o
 .debug_abbrev  0x0000000000000199      0x13d Core/Src/gpio.o
 .debug_abbrev  0x00000000000002d6      0x199 Core/Src/i2c.o
 .debug_abbrev  0x000000000000046f      0x25d Core/Src/main.o
 .debug_abbrev  0x00000000000006cc      0x29d Core/Src/mpu9250.o
 .debug_abbrev  0x0000000000000969      0x15b Core/Src/steppermotorcontrol.o
 .debug_abbrev  0x0000000000000ac4      0x109 Core/Src/stm32f1xx_hal_msp.o
 .debug_abbrev  0x0000000000000bcd      0x18c Core/Src/stm32f1xx_it.o
 .debug_abbrev  0x0000000000000d59      0x134 Core/Src/system_stm32f1xx.o
 .debug_abbrev  0x0000000000000e8d      0x1c4 Core/Src/tim.o
 .debug_abbrev  0x0000000000001051      0x199 Core/Src/usart.o
 .debug_abbrev  0x00000000000011ea       0x12 Core/Startup/startup_stm32f103c8tx.o
 .debug_abbrev  0x00000000000011fc      0x1c7 Drivers/STM32F1xx_HAL_Driver/Src/stm32f1xx_hal.o
 .debug_abbrev  0x00000000000013c3      0x1d5 Drivers/STM32F1xx_HAL_Driver/Src/stm32f1xx_hal_adc.o
 .debug_abbrev  0x0000000000001598      0x2d5 Drivers/STM32F1xx_HAL_Driver/Src/stm32f1xx_hal_cortex.o
 .debug_abbrev  0x000000000000186d      0x1c0 Drivers/STM32F1xx_HAL_Driver/Src/stm32f1xx_hal_gpio.o
 .debug_abbrev  0x0000000000001a2d      0x258 Drivers/STM32F1xx_HAL_Driver/Src/stm32f1xx_hal_i2c.o
 .debug_abbrev  0x0000000000001c85      0x243 Drivers/STM32F1xx_HAL_Driver/Src/stm32f1xx_hal_rcc.o
 .debug_abbrev  0x0000000000001ec8      0x175 Drivers/STM32F1xx_HAL_Driver/Src/stm32f1xx_hal_rcc_ex.o
 .debug_abbrev  0x000000000000203d      0x230 Drivers/STM32F1xx_HAL_Driver/Src/stm32f1xx_hal_tim.o
 .debug_abbrev  0x000000000000226d      0x236 Drivers/STM32F1xx_HAL_Driver/Src/stm32f1xx_hal_tim_ex.o
 .debug_abbrev  0x00000000000024a3      0x242 Drivers/STM32F1xx_HAL_Driver/Src/stm32f1xx_hal_uart.o

.debug_aranges  0x0000000000000000     0x1090
 .debug_aranges
                0x0000000000000000       0x30 Core/Src/adc.o
 .debug_aranges
                0x0000000000000030       0x20 Core/Src/gpio.o
 .debug_aranges
                0x0000000000000050       0x30 Core/Src/i2c.o
 .debug_aranges
                0x0000000000000080       0x40 Core/Src/main.o
 .debug_aranges
                0x00000000000000c0       0x80 Core/Src/mpu9250.o
 .debug_aranges
                0x0000000000000140       0x58 Core/Src/steppermotorcontrol.o
 .debug_aranges
                0x0000000000000198       0x20 Core/Src/stm32f1xx_hal_msp.o
 .debug_aranges
                0x00000000000001b8       0x88 Core/Src/stm32f1xx_it.o
 .debug_aranges
                0x0000000000000240       0x28 Core/Src/system_stm32f1xx.o
 .debug_aranges
                0x0000000000000268       0x40 Core/Src/tim.o
 .debug_aranges
                0x00000000000002a8       0x30 Core/Src/usart.o
 .debug_aranges
                0x00000000000002d8       0x28 Core/Startup/startup_stm32f103c8tx.o
 .debug_aranges
                0x0000000000000300       0xe0 Drivers/STM32F1xx_HAL_Driver/Src/stm32f1xx_hal.o
 .debug_aranges
                0x00000000000003e0       0xf0 Drivers/STM32F1xx_HAL_Driver/Src/stm32f1xx_hal_adc.o
 .debug_aranges
                0x00000000000004d0      0x100 Drivers/STM32F1xx_HAL_Driver/Src/stm32f1xx_hal_cortex.o
 .debug_aranges
                0x00000000000005d0       0x58 Drivers/STM32F1xx_HAL_Driver/Src/stm32f1xx_hal_gpio.o
 .debug_aranges
                0x0000000000000628      0x2a0 Drivers/STM32F1xx_HAL_Driver/Src/stm32f1xx_hal_i2c.o
 .debug_aranges
                0x00000000000008c8       0x90 Drivers/STM32F1xx_HAL_Driver/Src/stm32f1xx_hal_rcc.o
 .debug_aranges
                0x0000000000000958       0x30 Drivers/STM32F1xx_HAL_Driver/Src/stm32f1xx_hal_rcc_ex.o
 .debug_aranges
                0x0000000000000988      0x3d0 Drivers/STM32F1xx_HAL_Driver/Src/stm32f1xx_hal_tim.o
 .debug_aranges
                0x0000000000000d58      0x168 Drivers/STM32F1xx_HAL_Driver/Src/stm32f1xx_hal_tim_ex.o
 .debug_aranges
                0x0000000000000ec0      0x1d0 Drivers/STM32F1xx_HAL_Driver/Src/stm32f1xx_hal_uart.o

.debug_ranges   0x0000000000000000      0xf60
 .debug_ranges  0x0000000000000000       0x20 Core/Src/adc.o
 .debug_ranges  0x0000000000000020       0x10 Core/Src/gpio.o
 .debug_ranges  0x0000000000000030       0x20 Core/Src/i2c.o
 .debug_ranges  0x0000000000000050       0x30 Core/Src/main.o
 .debug_ranges  0x0000000000000080       0x70 Core/Src/mpu9250.o
 .debug_ranges  0x00000000000000f0       0x48 Core/Src/steppermotorcontrol.o
 .debug_ranges  0x0000000000000138       0x10 Core/Src/stm32f1xx_hal_msp.o
 .debug_ranges  0x0000000000000148       0x78 Core/Src/stm32f1xx_it.o
 .debug_ranges  0x00000000000001c0       0x18 Core/Src/system_stm32f1xx.o
 .debug_ranges  0x00000000000001d8       0x30 Core/Src/tim.o
 .debug_ranges  0x0000000000000208       0x20 Core/Src/usart.o
 .debug_ranges  0x0000000000000228       0x20 Core/Startup/startup_stm32f103c8tx.o
 .debug_ranges  0x0000000000000248       0xd0 Drivers/STM32F1xx_HAL_Driver/Src/stm32f1xx_hal.o
 .debug_ranges  0x0000000000000318       0xe0 Drivers/STM32F1xx_HAL_Driver/Src/stm32f1xx_hal_adc.o
 .debug_ranges  0x00000000000003f8       0xf0 Drivers/STM32F1xx_HAL_Driver/Src/stm32f1xx_hal_cortex.o
 .debug_ranges  0x00000000000004e8       0x48 Drivers/STM32F1xx_HAL_Driver/Src/stm32f1xx_hal_gpio.o
 .debug_ranges  0x0000000000000530      0x2b8 Drivers/STM32F1xx_HAL_Driver/Src/stm32f1xx_hal_i2c.o
 .debug_ranges  0x00000000000007e8       0x80 Drivers/STM32F1xx_HAL_Driver/Src/stm32f1xx_hal_rcc.o
 .debug_ranges  0x0000000000000868       0x20 Drivers/STM32F1xx_HAL_Driver/Src/stm32f1xx_hal_rcc_ex.o
 .debug_ranges  0x0000000000000888      0x3c0 Drivers/STM32F1xx_HAL_Driver/Src/stm32f1xx_hal_tim.o
 .debug_ranges  0x0000000000000c48      0x158 Drivers/STM32F1xx_HAL_Driver/Src/stm32f1xx_hal_tim_ex.o
 .debug_ranges  0x0000000000000da0      0x1c0 Drivers/STM32F1xx_HAL_Driver/Src/stm32f1xx_hal_uart.o

.debug_macro    0x0000000000000000    0x18fd8
 .debug_macro   0x0000000000000000      0x1da Core/Src/adc.o
 .debug_macro   0x00000000000001da      0xa5a Core/Src/adc.o
 .debug_macro   0x0000000000000c34      0x227 Core/Src/adc.o
 .debug_macro   0x0000000000000e5b       0x2e Core/Src/adc.o
 .debug_macro   0x0000000000000e89       0x22 Core/Src/adc.o
 .debug_macro   0x0000000000000eab       0x22 Core/Src/adc.o
 .debug_macro   0x0000000000000ecd       0x8e Core/Src/adc.o
 .debug_macro   0x0000000000000f5b       0x51 Core/Src/adc.o
 .debug_macro   0x0000000000000fac       0xef Core/Src/adc.o
 .debug_macro   0x000000000000109b       0x6a Core/Src/adc.o
 .debug_macro   0x0000000000001105      0x1df Core/Src/adc.o
 .debug_macro   0x00000000000012e4       0x1c Core/Src/adc.o
 .debug_macro   0x0000000000001300       0x22 Core/Src/adc.o
 .debug_macro   0x0000000000001322       0xc3 Core/Src/adc.o
 .debug_macro   0x00000000000013e5      0xd23 Core/Src/adc.o
 .debug_macro   0x0000000000002108     0xe097 Core/Src/adc.o
 .debug_macro   0x000000000001019f       0x43 Core/Src/adc.o
 .debug_macro   0x00000000000101e2     0x3468 Core/Src/adc.o
 .debug_macro   0x000000000001364a      0x174 Core/Src/adc.o
 .debug_macro   0x00000000000137be       0x5c Core/Src/adc.o
 .debug_macro   0x000000000001381a      0x5be Core/Src/adc.o
 .debug_macro   0x0000000000013dd8      0x289 Core/Src/adc.o
 .debug_macro   0x0000000000014061      0x1cb Core/Src/adc.o
 .debug_macro   0x000000000001422c      0x114 Core/Src/adc.o
 .debug_macro   0x0000000000014340      0x1b2 Core/Src/adc.o
 .debug_macro   0x00000000000144f2       0x27 Core/Src/adc.o
 .debug_macro   0x0000000000014519      0x136 Core/Src/adc.o
 .debug_macro   0x000000000001464f      0x1bc Core/Src/adc.o
 .debug_macro   0x000000000001480b       0x34 Core/Src/adc.o
 .debug_macro   0x000000000001483f       0x3c Core/Src/adc.o
 .debug_macro   0x000000000001487b       0x57 Core/Src/adc.o
 .debug_macro   0x00000000000148d2      0x46a Core/Src/adc.o
 .debug_macro   0x0000000000014d3c      0x1b5 Core/Src/adc.o
 .debug_macro   0x0000000000014ef1       0x88 Core/Src/adc.o
 .debug_macro   0x0000000000014f79      0x241 Core/Src/adc.o
 .debug_macro   0x00000000000151ba      0x287 Core/Src/adc.o
 .debug_macro   0x0000000000015441      0x141 Core/Src/adc.o
 .debug_macro   0x0000000000015582      0x8d1 Core/Src/adc.o
 .debug_macro   0x0000000000015e53      0x26b Core/Src/adc.o
 .debug_macro   0x00000000000160be       0x83 Core/Src/adc.o
 .debug_macro   0x0000000000016141      0x124 Core/Src/adc.o
 .debug_macro   0x0000000000016265      0x1da Core/Src/gpio.o
 .debug_macro   0x000000000001643f      0x1da Core/Src/i2c.o
 .debug_macro   0x0000000000016619      0x2d3 Core/Src/main.o
 .debug_macro   0x00000000000168ec      0x32a Core/Src/main.o
 .debug_macro   0x0000000000016c16      0x31e Core/Src/main.o
 .debug_macro   0x0000000000016f34       0x4c Core/Src/main.o
 .debug_macro   0x0000000000016f80      0x29a Core/Src/mpu9250.o
 .debug_macro   0x000000000001721a       0xbd Core/Src/mpu9250.o
 .debug_macro   0x00000000000172d7       0x56 Core/Src/mpu9250.o
 .debug_macro   0x000000000001732d       0x85 Core/Src/steppermotorcontrol.o
 .debug_macro   0x00000000000173b2       0x46 Core/Src/steppermotorcontrol.o
 .debug_macro   0x00000000000173f8      0x1d0 Core/Src/stm32f1xx_hal_msp.o
 .debug_macro   0x00000000000175c8      0x20a Core/Src/stm32f1xx_it.o
 .debug_macro   0x00000000000177d2      0x1c1 Core/Src/system_stm32f1xx.o
 .debug_macro   0x0000000000017993      0x1da Core/Src/tim.o
 .debug_macro   0x0000000000017b6d      0x1da Core/Src/usart.o
 .debug_macro   0x0000000000017d47      0x1e5 Drivers/STM32F1xx_HAL_Driver/Src/stm32f1xx_hal.o
 .debug_macro   0x0000000000017f2c      0x1de Drivers/STM32F1xx_HAL_Driver/Src/stm32f1xx_hal_adc.o
 .debug_macro   0x000000000001810a      0x1c1 Drivers/STM32F1xx_HAL_Driver/Src/stm32f1xx_hal_cortex.o
 .debug_macro   0x00000000000182cb      0x22c Drivers/STM32F1xx_HAL_Driver/Src/stm32f1xx_hal_gpio.o
 .debug_macro   0x00000000000184f7      0x208 Drivers/STM32F1xx_HAL_Driver/Src/stm32f1xx_hal_i2c.o
 .debug_macro   0x00000000000186ff      0x1d3 Drivers/STM32F1xx_HAL_Driver/Src/stm32f1xx_hal_rcc.o
 .debug_macro   0x00000000000188d2      0x1c1 Drivers/STM32F1xx_HAL_Driver/Src/stm32f1xx_hal_rcc_ex.o
 .debug_macro   0x0000000000018a93      0x1c2 Drivers/STM32F1xx_HAL_Driver/Src/stm32f1xx_hal_tim.o
 .debug_macro   0x0000000000018c55      0x1c1 Drivers/STM32F1xx_HAL_Driver/Src/stm32f1xx_hal_tim_ex.o
 .debug_macro   0x0000000000018e16      0x1c2 Drivers/STM32F1xx_HAL_Driver/Src/stm32f1xx_hal_uart.o

.debug_line     0x0000000000000000     0xe7aa
 .debug_line    0x0000000000000000      0x6f2 Core/Src/adc.o
 .debug_line    0x00000000000006f2      0x6e2 Core/Src/gpio.o
 .debug_line    0x0000000000000dd4      0x6f2 Core/Src/i2c.o
 .debug_line    0x00000000000014c6      0x8ed Core/Src/main.o
 .debug_line    0x0000000000001db3      0x92e Core/Src/mpu9250.o
 .debug_line    0x00000000000026e1      0x510 Core/Src/steppermotorcontrol.o
 .debug_line    0x0000000000002bf1      0x6c0 Core/Src/stm32f1xx_hal_msp.o
 .debug_line    0x00000000000032b1      0x8bc Core/Src/stm32f1xx_it.o
 .debug_line    0x0000000000003b6d      0x6e7 Core/Src/system_stm32f1xx.o
 .debug_line    0x0000000000004254      0x770 Core/Src/tim.o
 .debug_line    0x00000000000049c4      0x6f8 Core/Src/usart.o
 .debug_line    0x00000000000050bc       0x84 Core/Startup/startup_stm32f103c8tx.o
 .debug_line    0x0000000000005140      0x89a Drivers/STM32F1xx_HAL_Driver/Src/stm32f1xx_hal.o
 .debug_line    0x00000000000059da      0xbeb Drivers/STM32F1xx_HAL_Driver/Src/stm32f1xx_hal_adc.o
 .debug_line    0x00000000000065c5      0x971 Drivers/STM32F1xx_HAL_Driver/Src/stm32f1xx_hal_cortex.o
 .debug_line    0x0000000000006f36      0x896 Drivers/STM32F1xx_HAL_Driver/Src/stm32f1xx_hal_gpio.o
 .debug_line    0x00000000000077cc     0x1c40 Drivers/STM32F1xx_HAL_Driver/Src/stm32f1xx_hal_i2c.o
 .debug_line    0x000000000000940c      0x95a Drivers/STM32F1xx_HAL_Driver/Src/stm32f1xx_hal_rcc.o
 .debug_line    0x0000000000009d66      0x778 Drivers/STM32F1xx_HAL_Driver/Src/stm32f1xx_hal_rcc_ex.o
 .debug_line    0x000000000000a4de     0x1ff3 Drivers/STM32F1xx_HAL_Driver/Src/stm32f1xx_hal_tim.o
 .debug_line    0x000000000000c4d1     0x1301 Drivers/STM32F1xx_HAL_Driver/Src/stm32f1xx_hal_tim_ex.o
 .debug_line    0x000000000000d7d2      0xfd8 Drivers/STM32F1xx_HAL_Driver/Src/stm32f1xx_hal_uart.o

.debug_str      0x0000000000000000    0x92034
 .debug_str     0x0000000000000000    0x8978e Core/Src/adc.o
                                      0x89b55 (size before relaxing)
 .debug_str     0x000000000008978e      0x26f Core/Src/gpio.o
                                      0x89ab8 (size before relaxing)
 .debug_str     0x00000000000899fd      0x2be Core/Src/i2c.o
                                      0x89c9c (size before relaxing)
 .debug_str     0x0000000000089cbb     0x48fe Core/Src/main.o
                                      0x8e74b (size before relaxing)
 .debug_str     0x000000000008e5b9      0x2be Core/Src/mpu9250.o
                                      0x8e02d (size before relaxing)
 .debug_str     0x000000000008e877      0x1de Core/Src/steppermotorcontrol.o
                                       0x3feb (size before relaxing)
 .debug_str     0x000000000008ea55       0x2c Core/Src/stm32f1xx_hal_msp.o
                                      0x89799 (size before relaxing)
 .debug_str     0x000000000008ea81      0x118 Core/Src/stm32f1xx_it.o
                                      0x89f2d (size before relaxing)
 .debug_str     0x000000000008eb99       0x52 Core/Src/system_stm32f1xx.o
                                      0x891bf (size before relaxing)
 .debug_str     0x000000000008ebeb      0x21b Core/Src/tim.o
                                      0x89eb7 (size before relaxing)
 .debug_str     0x000000000008ee06       0x57 Core/Src/usart.o
                                      0x89bdc (size before relaxing)
 .debug_str     0x000000000008ee5d       0x36 Core/Startup/startup_stm32f103c8tx.o
                                         0x89 (size before relaxing)
 .debug_str     0x000000000008ee93      0x2f2 Drivers/STM32F1xx_HAL_Driver/Src/stm32f1xx_hal.o
                                      0x89850 (size before relaxing)
 .debug_str     0x000000000008f185      0x35c Drivers/STM32F1xx_HAL_Driver/Src/stm32f1xx_hal_adc.o
                                      0x8984f (size before relaxing)
 .debug_str     0x000000000008f4e1      0x300 Drivers/STM32F1xx_HAL_Driver/Src/stm32f1xx_hal_cortex.o
                                      0x89858 (size before relaxing)
 .debug_str     0x000000000008f7e1      0x304 Drivers/STM32F1xx_HAL_Driver/Src/stm32f1xx_hal_gpio.o
                                      0x89583 (size before relaxing)
 .debug_str     0x000000000008fae5      0xb41 Drivers/STM32F1xx_HAL_Driver/Src/stm32f1xx_hal_i2c.o
                                      0x8a1fb (size before relaxing)
 .debug_str     0x0000000000090626      0x244 Drivers/STM32F1xx_HAL_Driver/Src/stm32f1xx_hal_rcc.o
                                      0x895bc (size before relaxing)
 .debug_str     0x000000000009086a       0xb9 Drivers/STM32F1xx_HAL_Driver/Src/stm32f1xx_hal_rcc_ex.o
                                      0x89349 (size before relaxing)
 .debug_str     0x0000000000090923      0xd88 Drivers/STM32F1xx_HAL_Driver/Src/stm32f1xx_hal_tim.o
                                      0x8a58e (size before relaxing)
 .debug_str     0x00000000000916ab      0x483 Drivers/STM32F1xx_HAL_Driver/Src/stm32f1xx_hal_tim_ex.o
                                      0x89d68 (size before relaxing)
 .debug_str     0x0000000000091b2e      0x506 Drivers/STM32F1xx_HAL_Driver/Src/stm32f1xx_hal_uart.o
                                      0x89ac2 (size before relaxing)

.comment        0x0000000000000000       0x7b
 .comment       0x0000000000000000       0x7b Core/Src/adc.o
                                         0x7c (size before relaxing)
 .comment       0x000000000000007b       0x7c Core/Src/gpio.o
 .comment       0x000000000000007b       0x7c Core/Src/i2c.o
 .comment       0x000000000000007b       0x7c Core/Src/main.o
 .comment       0x000000000000007b       0x7c Core/Src/mpu9250.o
 .comment       0x000000000000007b       0x7c Core/Src/steppermotorcontrol.o
 .comment       0x000000000000007b       0x7c Core/Src/stm32f1xx_hal_msp.o
 .comment       0x000000000000007b       0x7c Core/Src/stm32f1xx_it.o
 .comment       0x000000000000007b       0x7c Core/Src/system_stm32f1xx.o
 .comment       0x000000000000007b       0x7c Core/Src/tim.o
 .comment       0x000000000000007b       0x7c Core/Src/usart.o
 .comment       0x000000000000007b       0x7c Drivers/STM32F1xx_HAL_Driver/Src/stm32f1xx_hal.o
 .comment       0x000000000000007b       0x7c Drivers/STM32F1xx_HAL_Driver/Src/stm32f1xx_hal_adc.o
 .comment       0x000000000000007b       0x7c Drivers/STM32F1xx_HAL_Driver/Src/stm32f1xx_hal_cortex.o
 .comment       0x000000000000007b       0x7c Drivers/STM32F1xx_HAL_Driver/Src/stm32f1xx_hal_gpio.o
 .comment       0x000000000000007b       0x7c Drivers/STM32F1xx_HAL_Driver/Src/stm32f1xx_hal_i2c.o
 .comment       0x000000000000007b       0x7c Drivers/STM32F1xx_HAL_Driver/Src/stm32f1xx_hal_rcc.o
 .comment       0x000000000000007b       0x7c Drivers/STM32F1xx_HAL_Driver/Src/stm32f1xx_hal_rcc_ex.o
 .comment       0x000000000000007b       0x7c Drivers/STM32F1xx_HAL_Driver/Src/stm32f1xx_hal_tim.o
 .comment       0x000000000000007b       0x7c Drivers/STM32F1xx_HAL_Driver/Src/stm32f1xx_hal_tim_ex.o
 .comment       0x000000000000007b       0x7c Drivers/STM32F1xx_HAL_Driver/Src/stm32f1xx_hal_uart.o

.debug_frame    0x0000000000000000     0x462c
 .debug_frame   0x0000000000000000       0x7c Core/Src/adc.o
 .debug_frame   0x000000000000007c       0x34 Core/Src/gpio.o
 .debug_frame   0x00000000000000b0       0x74 Core/Src/i2c.o
 .debug_frame   0x0000000000000124       0xbc Core/Src/main.o
 .debug_frame   0x00000000000001e0      0x1c8 Core/Src/mpu9250.o
 .debug_frame   0x00000000000003a8      0x144 Core/Src/steppermotorcontrol.o
 .debug_frame   0x00000000000004ec       0x38 Core/Src/stm32f1xx_hal_msp.o
 .debug_frame   0x0000000000000524      0x19c Core/Src/stm32f1xx_it.o
 .debug_frame   0x00000000000006c0       0x58 Core/Src/system_stm32f1xx.o
 .debug_frame   0x0000000000000718       0xcc Core/Src/tim.o
 .debug_frame   0x00000000000007e4       0x74 Core/Src/usart.o
 .debug_frame   0x0000000000000858      0x334 Drivers/STM32F1xx_HAL_Driver/Src/stm32f1xx_hal.o
 .debug_frame   0x0000000000000b8c      0x40c Drivers/STM32F1xx_HAL_Driver/Src/stm32f1xx_hal_adc.o
 .debug_frame   0x0000000000000f98      0x428 Drivers/STM32F1xx_HAL_Driver/Src/stm32f1xx_hal_cortex.o
 .debug_frame   0x00000000000013c0      0x14c Drivers/STM32F1xx_HAL_Driver/Src/stm32f1xx_hal_gpio.o
 .debug_frame   0x000000000000150c      0xc54 Drivers/STM32F1xx_HAL_Driver/Src/stm32f1xx_hal_i2c.o
 .debug_frame   0x0000000000002160      0x21c Drivers/STM32F1xx_HAL_Driver/Src/stm32f1xx_hal_rcc.o
 .debug_frame   0x000000000000237c       0x84 Drivers/STM32F1xx_HAL_Driver/Src/stm32f1xx_hal_rcc_ex.o
 .debug_frame   0x0000000000002400     0x11b8 Drivers/STM32F1xx_HAL_Driver/Src/stm32f1xx_hal_tim.o
 .debug_frame   0x00000000000035b8      0x638 Drivers/STM32F1xx_HAL_Driver/Src/stm32f1xx_hal_tim_ex.o
 .debug_frame   0x0000000000003bf0      0x834 Drivers/STM32F1xx_HAL_Driver/Src/stm32f1xx_hal_uart.o
 .debug_frame   0x0000000000004424       0x2c c:/st/stm32cubeide_1.2.0/stm32cubeide/plugins/com.st.stm32cube.ide.mcu.externaltools.gnu-tools-for-stm32.7-2018-q2-update.win32_1.0.0.201904181610/tools/bin/../lib/gcc/arm-none-eabi/7.3.1/../../../../arm-none-eabi/lib/thumb/v7-m\libc_nano.a(lib_a-init.o)
 .debug_frame   0x0000000000004450       0x28 c:/st/stm32cubeide_1.2.0/stm32cubeide/plugins/com.st.stm32cube.ide.mcu.externaltools.gnu-tools-for-stm32.7-2018-q2-update.win32_1.0.0.201904181610/tools/bin/../lib/gcc/arm-none-eabi/7.3.1/../../../../arm-none-eabi/lib/thumb/v7-m\libc_nano.a(lib_a-memcpy-stub.o)
 .debug_frame   0x0000000000004478       0x20 c:/st/stm32cubeide_1.2.0/stm32cubeide/plugins/com.st.stm32cube.ide.mcu.externaltools.gnu-tools-for-stm32.7-2018-q2-update.win32_1.0.0.201904181610/tools/bin/../lib/gcc/arm-none-eabi/7.3.1/../../../../arm-none-eabi/lib/thumb/v7-m\libc_nano.a(lib_a-memset.o)
 .debug_frame   0x0000000000004498       0x4c c:/st/stm32cubeide_1.2.0/stm32cubeide/plugins/com.st.stm32cube.ide.mcu.externaltools.gnu-tools-for-stm32.7-2018-q2-update.win32_1.0.0.201904181610/tools/bin/../lib/gcc/arm-none-eabi/7.3.1/thumb/v7-m\libgcc.a(_arm_addsubsf3.o)
 .debug_frame   0x00000000000044e4       0x38 c:/st/stm32cubeide_1.2.0/stm32cubeide/plugins/com.st.stm32cube.ide.mcu.externaltools.gnu-tools-for-stm32.7-2018-q2-update.win32_1.0.0.201904181610/tools/bin/../lib/gcc/arm-none-eabi/7.3.1/thumb/v7-m\libgcc.a(_arm_muldivsf3.o)
 .debug_frame   0x000000000000451c       0xc8 c:/st/stm32cubeide_1.2.0/stm32cubeide/plugins/com.st.stm32cube.ide.mcu.externaltools.gnu-tools-for-stm32.7-2018-q2-update.win32_1.0.0.201904181610/tools/bin/../lib/gcc/arm-none-eabi/7.3.1/thumb/v7-m\libgcc.a(_arm_cmpsf2.o)
 .debug_frame   0x00000000000045e4       0x24 c:/st/stm32cubeide_1.2.0/stm32cubeide/plugins/com.st.stm32cube.ide.mcu.externaltools.gnu-tools-for-stm32.7-2018-q2-update.win32_1.0.0.201904181610/tools/bin/../lib/gcc/arm-none-eabi/7.3.1/thumb/v7-m\libgcc.a(_arm_fixsfsi.o)
 .debug_frame   0x0000000000004608       0x24 c:/st/stm32cubeide_1.2.0/stm32cubeide/plugins/com.st.stm32cube.ide.mcu.externaltools.gnu-tools-for-stm32.7-2018-q2-update.win32_1.0.0.201904181610/tools/bin/../lib/gcc/arm-none-eabi/7.3.1/thumb/v7-m\libgcc.a(_arm_fixunssfsi.o)
